// Jest Snapshot v1, https://goo.gl/fbAQLP

exports[`matches snaphot 1`] = `
<div
  data-testid="todo-1"
>
  ToDoasdadasd
</div>
`;
